---
source: src/main.rs
expression: header
---
DatHeader {
    file_size: 398857,
    data_block_size: 397720,
    relocation_table_count: 268,
    root_count1: 1,
    root_count2: 0,
}
