---
source: src/main.rs
expression: "format!(\"{header:x?}\")"
---
"[0, 6, 16, 9, 0, 6, 11, 98, 0, 0, 1, c, 0, 0, 0, 1, 0, 0, 0, 0, 0, 0, 0, 0, 0, 0, 0, 0, 0, 0, 0, 0]"

